\BOOKMARK [1][-]{section.1}{\376\377\000S\000o\000m\000m\000a\000r\000i\000o\000\040\000E\000s\000e\000c\000u\000t\000i\000v\000o}{}% 1
\BOOKMARK [1][-]{section.2}{\376\377\000V\000e\000r\000i\000f\000i\000c\000a\000\040\000P\000M\000I\000D\000\040\000Z\000e\000r\000o\000-\000S\000h\000o\000t\000\040\040\024\000\040\000I\000l\000\040\000R\000i\000s\000u\000l\000t\000a\000t\000o\000\040\000C\000h\000i\000a\000v\000e\000\040\000\050\000R\000Q\0001\000\051}{}% 2
\BOOKMARK [2][-]{subsection.2.1}{\376\377\000S\000t\000a\000t\000i\000s\000t\000i\000c\000h\000e\000\040\000G\000l\000o\000b\000a\000l\000i}{section.2}% 3
\BOOKMARK [2][-]{subsection.2.2}{\376\377\000I\000n\000t\000e\000r\000p\000r\000e\000t\000a\000z\000i\000o\000n\000e\000\040\000d\000e\000i\000\040\000D\000a\000t\000i}{section.2}% 4
\BOOKMARK [2][-]{subsection.2.3}{\376\377\000E\000s\000e\000m\000p\000i\000\040\000E\000m\000b\000l\000e\000m\000a\000t\000i\000c\000i\000\040\000\050\000C\000i\000t\000a\000b\000i\000l\000i\000\040\000i\000n\000\040\000T\000e\000s\000i\000\051}{section.2}% 5
\BOOKMARK [1][-]{section.3}{\376\377\000C\000o\000n\000f\000r\000o\000n\000t\000o\000\040\000a\000\040\000T\000r\000e\000\040\000V\000i\000e\000\040\040\024\000\040\000T\000a\000b\000e\000l\000l\000a\000\040\000F\000i\000n\000a\000l\000e}{}% 6
\BOOKMARK [2][-]{subsection.3.1}{\376\377\000N\000o\000t\000a\000\040\000C\000r\000i\000t\000i\000c\000a\000\040\000s\000u\000l\000l\000a\000\040\000C\000o\000l\000o\000n\000n\000a\000\040\000E\000v\000i\000d\000e\000n\000c\000e\000\040\000G\000r\000o\000u\000n\000d\000i\000n\000g}{section.3}% 7
\BOOKMARK [2][-]{subsection.3.2}{\376\377\000N\000o\000t\000a\000\040\000s\000u\000l\000\040\000T\000h\000e\000r\000a\000p\000e\000u\000t\000i\000c\000\040\000M\000a\000t\000c\000h\000\040\000\050\000T\000M\000\051}{section.3}% 8
\BOOKMARK [2][-]{subsection.3.3}{\376\377\000D\000i\000s\000t\000r\000i\000b\000u\000z\000i\000o\000n\000e\000\040\000e\000\040\000D\000a\000t\000i\000\040\000p\000e\000r\000\040\000C\000a\000s\000o}{section.3}% 9
\BOOKMARK [1][-]{section.4}{\376\377\000F\000i\000l\000t\000r\000o\000\040\000R\000e\000t\000r\000i\000e\000v\000a\000l\000\040\000P\000o\000l\000l\000u\000t\000i\000o\000n\000\040\040\024\000\040\000R\000i\000s\000u\000l\000t\000a\000t\000i\000\040\000\050\000S\000a\000f\000e\000t\000y\000\040\000v\0003\000.\0001\000\051}{}% 10
\BOOKMARK [2][-]{subsection.4.1}{\376\377\000R\000i\000s\000u\000l\000t\000a\000t\000i\000\040\000d\000e\000l\000l\000a\000\040\000M\000i\000t\000i\000g\000a\000z\000i\000o\000n\000e}{section.4}% 11
\BOOKMARK [2][-]{subsection.4.2}{\376\377\000A\000n\000a\000l\000i\000s\000i\000\040\000d\000e\000i\000\040\000F\000a\000l\000s\000i\000\040\000N\000e\000g\000a\000t\000i\000v\000i\000\040\000\050\000S\000a\000f\000e\000t\000y\000\040\000A\000u\000t\000o\000m\000a\000t\000i\000c\000a\000\051}{section.4}% 12
\BOOKMARK [1][-]{section.5}{\376\377\000O\000n\000c\000o\000K\000B\000\040\000E\000n\000r\000i\000c\000h\000e\000r\000\040\040\024\000\040\000V\000a\000l\000i\000d\000a\000z\000i\000o\000n\000e\000\040\000s\000u\000i\000\040\000C\000a\000s\000i\000\040\000G\000A\000P}{}% 13
\BOOKMARK [2][-]{subsection.5.1}{\376\377\000B\000E\000N\000C\000H\000-\0000\0001\0003\000\040\000\050\000A\000L\000K\000\040\000G\0001\0002\0000\0002\000R\000\040\000/\000\040\000N\000S\000C\000L\000C\000\051\000\040\040\024\000\040\000G\000A\000P\000\040\000R\000i\000s\000o\000l\000t\000o}{section.5}% 14
\BOOKMARK [2][-]{subsection.5.2}{\376\377\000B\000E\000N\000C\000H\000-\0000\0001\0007\000\040\000\050\000M\000M\000R\000\040\000M\000S\000I\000-\000H\000i\000g\000h\000\040\000/\000\040\000C\000o\000l\000o\000r\000e\000c\000t\000a\000l\000\051\000\040\040\024\000\040\000R\000i\000s\000u\000l\000t\000a\000t\000o\000\040\000P\000a\000r\000z\000i\000a\000l\000e}{section.5}% 15
\BOOKMARK [2][-]{subsection.5.3}{\376\377\000B\000E\000N\000C\000H\000-\0000\0003\0000\000\040\000\050\000E\000R\000B\000B\0002\000\040\000A\000m\000p\000\040\000/\000\040\000G\000a\000s\000t\000r\000i\000c\000\051\000\040\040\024\000\040\000G\000r\000o\000u\000n\000d\000i\000n\000g\000\040\000O\000k}{section.5}% 16
\BOOKMARK [1][-]{section.6}{\376\377\000I\000m\000p\000l\000i\000c\000a\000z\000i\000o\000n\000i\000\040\000C\000o\000m\000p\000l\000e\000s\000s\000i\000v\000e\000\040\000p\000e\000r\000\040\000l\000a\000\040\000T\000e\000s\000i}{}% 17
\BOOKMARK [2][-]{subsection.6.1}{\376\377\000R\000Q\0001\000\040\040\024\000\040\000G\000r\000a\000p\000h\000R\000A\000G\000\040\000v\000s\000\040\000Z\000e\000r\000o\000-\000S\000h\000o\000t}{section.6}% 18
\BOOKMARK [2][-]{subsection.6.2}{\376\377\000F\000i\000n\000d\000i\000n\000g\000\040\000O\000r\000i\000g\000i\000n\000a\000l\000i\000\040\000\050\000I\000\040\0004\000\040\000p\000i\000l\000a\000s\000t\000r\000i\000\040\000d\000e\000l\000l\000a\000\040\000t\000e\000s\000i\000\051}{section.6}% 19
\BOOKMARK [1][-]{section.7}{\376\377\000P\000u\000n\000t\000i\000\040\000A\000p\000e\000r\000t\000i\000\040\000e\000\040\000L\000a\000v\000o\000r\000i\000\040\000F\000u\000t\000u\000r\000i}{}% 20
\BOOKMARK [1][-]{section.8}{\376\377\000E\000l\000e\000n\000c\000o\000\040\000d\000e\000i\000\040\000F\000i\000l\000e\000\040\000A\000n\000a\000l\000i\000z\000z\000a\000t\000i}{}% 21
