\BOOKMARK [1][-]{section.1}{\376\377\000P\000u\000n\000t\000o\000\040\000d\000i\000\040\000P\000a\000r\000t\000e\000n\000z\000a}{}% 1
\BOOKMARK [1][-]{section.2}{\376\377\000R\000i\000c\000a\000l\000i\000b\000r\000a\000z\000i\000o\000n\000e\000\040\000C\000r\000i\000t\000e\000r\000i\000\040\000L\000L\000M\000-\000a\000s\000-\000J\000u\000d\000g\000e}{}% 2
\BOOKMARK [2][-]{subsection.2.1}{\376\377\000M\000o\000t\000i\000v\000a\000z\000i\000o\000n\000e}{section.2}% 3
\BOOKMARK [2][-]{subsection.2.2}{\376\377\000N\000u\000o\000v\000o\000\040\000S\000i\000s\000t\000e\000m\000a\000\040\000a\000\040\0004\000\040\000C\000r\000i\000t\000e\000r\000i\000\040\000\050\000A\000l\000l\000i\000n\000e\000a\000t\000i\000\040\000a\000l\000l\000a\000\040\000L\000e\000t\000t\000e\000r\000a\000t\000u\000r\000a\000\051}{section.2}% 4
\BOOKMARK [2][-]{subsection.2.3}{\376\377\000M\000o\000d\000i\000f\000i\000c\000h\000e\000\040\000C\000o\000d\000i\000c\000e}{section.2}% 5
\BOOKMARK [1][-]{section.3}{\376\377\000B\000e\000n\000c\000h\000m\000a\000r\000k\000\040\000R\000i\000c\000a\000l\000c\000o\000l\000a\000t\000o\000\040\040\024\000\040\0003\0000\000\040\000C\000a\000s\000i\000\040\000\050\000v\0002\000\051}{}% 6
\BOOKMARK [2][-]{subsection.3.1}{\376\377\000R\000i\000s\000u\000l\000t\000a\000t\000i\000\040\000P\000r\000i\000n\000c\000i\000p\000a\000l\000i}{section.3}% 7
\BOOKMARK [2][-]{subsection.3.2}{\376\377\000R\000i\000f\000l\000e\000s\000s\000i\000o\000n\000i\000\040\000M\000e\000t\000o\000d\000o\000l\000o\000g\000i\000c\000h\000e\000\040\000s\000u\000l\000\040\000D\000e\000l\000t\000a\000\040\000Z\000e\000r\000o}{section.3}% 8
\BOOKMARK [2][-]{subsection.3.3}{\376\377\000A\000n\000a\000l\000i\000s\000i\000\040\000p\000e\000r\000\040\000S\000i\000n\000g\000o\000l\000o\000\040\000C\000r\000i\000t\000e\000r\000i\000o}{section.3}% 9
\BOOKMARK [2][-]{subsection.3.4}{\376\377\000D\000i\000s\000t\000r\000i\000b\000u\000z\000i\000o\000n\000e\000\040\000p\000e\000r\000\040\000C\000o\000m\000p\000l\000e\000s\000s\000i\000t\000\340\000\040\000d\000e\000l\000\040\000C\000a\000s\000o}{section.3}% 10
\BOOKMARK [2][-]{subsection.3.5}{\376\377\000C\000a\000s\000i\000\040\000c\000o\000n\000\040\000S\000c\000o\000r\000e\000\040\000\040\0004\000.\0008\000\040\000\050\000E\000c\000c\000e\000l\000l\000e\000n\000t\000i\000\051}{section.3}% 11
\BOOKMARK [2][-]{subsection.3.6}{\376\377\000A\000n\000a\000l\000i\000s\000i\000\040\000C\000a\000u\000s\000a\000l\000e\000\040\000d\000e\000i\000\040\000C\000a\000s\000i\000\040\000C\000r\000i\000t\000i\000c\000i\000\040\000\050\000S\000c\000o\000r\000e\000\040\000<\000\040\0003\000.\0000\000\051}{section.3}% 12
\BOOKMARK [1][-]{section.4}{\376\377\000C\000o\000n\000f\000r\000o\000n\000t\000o\000\040\000v\0001\000\040\000v\000s\000\040\000v\0002\000\040\000d\000e\000l\000\040\000B\000e\000n\000c\000h\000m\000a\000r\000k}{}% 13
\BOOKMARK [1][-]{section.5}{\376\377\000I\000m\000p\000l\000i\000c\000a\000z\000i\000o\000n\000i\000\040\000p\000e\000r\000\040\000l\000a\000\040\000T\000e\000s\000i\000\040\040\024\000\040\000P\000a\000r\000t\000e\000\040\0001}{}% 14
\BOOKMARK [2][-]{subsection.5.1}{\376\377\000R\000Q\0001\000\040\040\024\000\040\000E\000v\000i\000d\000e\000n\000c\000e\000\040\000F\000a\000i\000t\000h\000f\000u\000l\000n\000e\000s\000s}{section.5}% 15
\BOOKMARK [2][-]{subsection.5.2}{\376\377\000R\000Q\0002\000\040\040\024\000\040\000R\000e\000t\000r\000i\000e\000v\000a\000l\000\040\000A\000c\000c\000u\000r\000a\000c\000y\000\040\000\046\000\040\000C\000l\000i\000n\000i\000c\000a\000l\000\040\000U\000t\000i\000l\000i\000t\000y}{section.5}% 16
\BOOKMARK [1][-]{section.6}{\376\377\000V\000a\000l\000u\000t\000a\000z\000i\000o\000n\000e\000\040\000O\000n\000c\000o\000K\000B\000\040\000E\000n\000r\000i\000c\000h\000e\000r\000\040\040\024\000\040\000R\000i\000s\000u\000l\000t\000a\000t\000i}{}% 17
\BOOKMARK [2][-]{subsection.6.1}{\376\377\000A\000n\000a\000l\000i\000s\000i\000\040\000D\000e\000t\000t\000a\000g\000l\000i\000a\000t\000a\000\040\000p\000e\000r\000\040\000C\000a\000s\000o}{section.6}% 18
\BOOKMARK [3][-]{subsubsection.6.1.1}{\376\377\000B\000E\000N\000C\000H\000-\0000\0001\0003\000\040\000\050\000A\000L\000K\000\040\000G\0001\0002\0000\0002\000R\000\040\000/\000\040\000N\000S\000C\000L\000C\000\051\000\040\040\024\000\040\000R\000i\000s\000o\000l\000u\000z\000i\000o\000n\000e\000\040\000d\000e\000l\000\040\000G\000a\000p\000\040\000d\000i\000\040\000C\000o\000n\000o\000s\000c\000e\000n\000z\000a}{subsection.6.1}% 19
\BOOKMARK [3][-]{subsubsection.6.1.2}{\376\377\000B\000E\000N\000C\000H\000-\0000\0001\0008\000\040\000\050\000K\000R\000A\000S\000\040\000G\0001\0002\000C\000\040\000/\000\040\000C\000R\000C\000\051\000\040\040\024\000\040\000C\000o\000r\000r\000e\000z\000i\000o\000n\000e\000\040\000d\000e\000l\000l\000'\000E\000r\000r\000o\000r\000e\000\040\000C\000l\000i\000n\000i\000c\000o}{subsection.6.1}% 20
\BOOKMARK [3][-]{subsubsection.6.1.3}{\376\377\000B\000E\000N\000C\000H\000-\0000\0002\0007\000\040\000\050\000M\000E\000T\000\040\000E\000x\000o\000n\000\040\0001\0004\000\040\000/\000\040\000N\000S\000C\000L\000C\000\051\000\040\040\024\000\040\000L\000i\000m\000i\000t\000e\000\040\000d\000e\000l\000l\000'\000I\000n\000t\000e\000g\000r\000a\000z\000i\000o\000n\000e\000\040\000A\000d\000d\000i\000t\000i\000v\000a}{subsection.6.1}% 21
\BOOKMARK [2][-]{subsection.6.2}{\376\377\000I\000m\000p\000l\000i\000c\000a\000z\000i\000o\000n\000i\000\040\000C\000h\000i\000a\000v\000e\000\040\000p\000e\000r\000\040\000l\000a\000\040\000T\000e\000s\000i}{section.6}% 22
\BOOKMARK [1][-]{section.7}{\376\377\000M\000e\000t\000r\000i\000c\000h\000e\000\040\000G\000r\000u\000p\000p\000o\000\040\0001\000\040\040\024\000\040\000R\000i\000s\000u\000l\000t\000a\000t\000i\000\040\000F\000i\000n\000a\000l\000i}{}% 23
\BOOKMARK [2][-]{subsection.7.1}{\376\377\000D\000r\000u\000g\000\040\000A\000n\000c\000h\000o\000r\000\040\000C\000h\000e\000c\000k}{section.7}% 24
\BOOKMARK [2][-]{subsection.7.2}{\376\377\000E\000v\000i\000d\000e\000n\000c\000e\000\040\000G\000r\000o\000u\000n\000d\000i\000n\000g}{section.7}% 25
\BOOKMARK [1][-]{section.8}{\376\377\000R\000Q\0001\000\040\040\024\000\040\000C\000o\000n\000f\000r\000o\000n\000t\000o\000\040\000G\000r\000a\000p\000h\000R\000A\000G\000\040\000v\000s\000\040\000Z\000e\000r\000o\000-\000S\000h\000o\000t}{}% 26
\BOOKMARK [2][-]{subsection.8.1}{\376\377\000P\000r\000i\000m\000a\000\040\000R\000u\000n\000\040\040\024\000\040\000I\000d\000e\000n\000t\000i\000f\000i\000c\000a\000z\000i\000o\000n\000e\000\040\000d\000e\000l\000\040\000B\000i\000a\000s\000\040\000d\000e\000l\000\040\000G\000i\000u\000d\000i\000c\000e\000\040\000\050\000S\000e\000l\000f\000-\000e\000v\000a\000l\000u\000a\000t\000i\000o\000n\000\051}{section.8}% 27
\BOOKMARK [2][-]{subsection.8.2}{\376\377\000S\000e\000c\000o\000n\000d\000a\000\040\000R\000u\000n\000\040\040\024\000\040\000C\000o\000r\000r\000e\000z\000i\000o\000n\000e\000\040\000c\000o\000n\000\040\000G\000i\000u\000d\000i\000c\000e\000\040\000I\000n\000d\000i\000p\000e\000n\000d\000e\000n\000t\000e\000\040\000\050\000M\000i\000n\000i\000M\000a\000x\000\040\000M\0002\000.\0005\000\051}{section.8}% 28
\BOOKMARK [2][-]{subsection.8.3}{\376\377\000A\000b\000b\000a\000n\000d\000o\000n\000o\000\040\000d\000i\000\040\000L\000L\000M\000-\000a\000s\000-\000J\000u\000d\000g\000e\000\040\000c\000o\000m\000e\000\040\000M\000e\000t\000r\000i\000c\000a\000\040\000P\000r\000i\000m\000a\000r\000i\000a}{section.8}% 29
\BOOKMARK [2][-]{subsection.8.4}{\376\377\000C\000o\000n\000f\000r\000o\000n\000t\000o\000\040\000d\000e\000l\000l\000e\000\040\000M\000e\000t\000r\000i\000c\000h\000e\000\040\000O\000g\000g\000e\000t\000t\000i\000v\000e\000\040\000a\000\040\000T\000r\000e\000\040\000V\000i\000e}{section.8}% 30
\BOOKMARK [1][-]{section.9}{\376\377\000P\000i\000a\000n\000o\000\040\000M\000e\000t\000r\000i\000c\000h\000e\000\040\000O\000g\000g\000e\000t\000t\000i\000v\000e}{}% 31
\BOOKMARK [1][-]{section.10}{\376\377\000I\000n\000t\000e\000r\000p\000r\000e\000t\000a\000z\000i\000o\000n\000e\000\040\000C\000o\000m\000p\000l\000e\000s\000s\000i\000v\000a\000\040\040\024\000\040\000N\000a\000r\000r\000a\000t\000i\000v\000a\000\040\000p\000e\000r\000\040\000l\000a\000\040\000T\000e\000s\000i}{}% 32
\BOOKMARK [1][-]{section.11}{\376\377\000S\000t\000a\000t\000o\000\040\000F\000i\000n\000a\000l\000e\000\040\000d\000e\000l\000l\000'\000I\000m\000p\000l\000e\000m\000e\000n\000t\000a\000z\000i\000o\000n\000e\000\040\000e\000\040\000L\000a\000v\000o\000r\000i\000\040\000F\000u\000t\000u\000r\000i}{}% 33
\BOOKMARK [2][-]{subsection.11.1}{\376\377\000S\000t\000a\000t\000o\000\040\000F\000i\000n\000a\000l\000e\000\040\000a\000l\000\040\0000\0007\000\040\000G\000i\000u\000g\000n\000o\000\040\0002\0000\0002\0006}{section.11}% 34
\BOOKMARK [2][-]{subsection.11.2}{\376\377\000P\000r\000o\000s\000s\000i\000m\000i\000\040\000P\000a\000s\000s\000i\000\040\000\050\000L\000a\000v\000o\000r\000i\000\040\000F\000u\000t\000u\000r\000i\000\051}{section.11}% 35
