\BOOKMARK [1][-]{Doc-Start}{\376\377\000S\000o\000m\000m\000a\000r\000i\000o\000\040\000e\000s\000e\000c\000u\000t\000i\000v\000o}{}% 1
\BOOKMARK [0][-]{part.1}{\376\377\000I\000\040\000C\000o\000n\000t\000e\000s\000t\000o\000\040\000e\000\040\000c\000r\000o\000n\000o\000l\000o\000g\000i\000a}{}% 2
\BOOKMARK [1][-]{section.1}{\376\377\000I\000n\000t\000r\000o\000d\000u\000z\000i\000o\000n\000e\000\040\000e\000\040\000c\000o\000n\000t\000e\000s\000t\000o}{part.1}% 3
\BOOKMARK [2][-]{subsection.1.1}{\376\377\000I\000l\000\040\000p\000r\000o\000b\000l\000e\000m\000a\000\040\000c\000l\000i\000n\000i\000c\000o}{section.1}% 4
\BOOKMARK [2][-]{subsection.1.2}{\376\377\000L\000a\000\040\000s\000o\000l\000u\000z\000i\000o\000n\000e\000\040\000p\000r\000o\000p\000o\000s\000t\000a}{section.1}% 5
\BOOKMARK [2][-]{subsection.1.3}{\376\377\000D\000o\000m\000a\000n\000d\000e\000\040\000d\000i\000\040\000r\000i\000c\000e\000r\000c\000a}{section.1}% 6
\BOOKMARK [2][-]{subsection.1.4}{\376\377\000C\000r\000o\000n\000o\000l\000o\000g\000i\000a\000\040\000s\000i\000n\000t\000e\000t\000i\000c\000a\000\040\000d\000e\000l\000\040\000l\000a\000v\000o\000r\000o}{section.1}% 7
\BOOKMARK [0][-]{part.2}{\376\377\000I\000I\000\040\000I\000n\000f\000r\000a\000s\000t\000r\000u\000t\000t\000u\000r\000a\000:\000\040\000K\000n\000o\000w\000l\000e\000d\000g\000e\000\040\000G\000r\000a\000p\000h\000\040\000e\000\040\000a\000u\000d\000i\000t}{}% 8
\BOOKMARK [1][-]{section.2}{\376\377\000C\000o\000s\000t\000r\000u\000z\000i\000o\000n\000e\000\040\000d\000e\000l\000\040\000K\000n\000o\000w\000l\000e\000d\000g\000e\000\040\000G\000r\000a\000p\000h}{part.2}% 9
\BOOKMARK [2][-]{subsection.2.1}{\376\377\000S\000o\000r\000g\000e\000n\000t\000i\000\040\000d\000a\000t\000i}{section.2}% 10
\BOOKMARK [2][-]{subsection.2.2}{\376\377\000P\000u\000l\000i\000z\000i\000a\000\040\000d\000e\000i\000\040\000d\000a\000t\000i\000\040\000e\000\040\000a\000n\000o\000m\000a\000l\000i\000e\000\040\000r\000i\000s\000o\000l\000t\000e}{section.2}% 11
\BOOKMARK [2][-]{subsection.2.3}{\376\377\000L\000o\000\040\000s\000c\000h\000e\000m\000a\000\040\000d\000e\000l\000\040\000g\000r\000a\000f\000o}{section.2}% 12
\BOOKMARK [2][-]{subsection.2.4}{\376\377\000L\000a\000\040\000t\000o\000p\000o\000l\000o\000g\000i\000a\000\040\000c\000l\000i\000n\000i\000c\000a\000\040\000d\000e\000l\000\040\000K\000n\000o\000w\000l\000e\000d\000g\000e\000\040\000G\000r\000a\000p\000h}{section.2}% 13
\BOOKMARK [2][-]{subsection.2.5}{\376\377\000I\000n\000t\000e\000g\000r\000i\000t\000\340\000\040\000r\000e\000f\000e\000r\000e\000n\000z\000i\000a\000l\000e\000\040\000e\000\040\000c\000a\000r\000i\000c\000a\000m\000e\000n\000t\000o\000\040\000i\000n\000\040\000N\000e\000o\0004\000j}{section.2}% 14
\BOOKMARK [2][-]{subsection.2.6}{\376\377\000V\000a\000l\000i\000d\000a\000z\000i\000o\000n\000e\000\040\000c\000o\000n\000\040\000q\000u\000e\000r\000y\000\040\000r\000e\000a\000l\000i}{section.2}% 15
\BOOKMARK [1][-]{section.3}{\376\377\000E\000s\000p\000l\000o\000r\000a\000z\000i\000o\000n\000e\000\040\000e\000\040\000a\000u\000d\000i\000t\000\040\000d\000e\000l\000l\000a\000\040\000K\000n\000o\000w\000l\000e\000d\000g\000e\000\040\000B\000a\000s\000e}{part.2}% 16
\BOOKMARK [2][-]{subsection.3.1}{\376\377\000D\000a\000t\000a\000\040\000e\000x\000p\000l\000o\000r\000a\000t\000i\000o\000n\000\040\000q\000u\000a\000n\000t\000i\000t\000a\000t\000i\000v\000a}{section.3}% 17
\BOOKMARK [2][-]{subsection.3.2}{\376\377\000R\000i\000q\000u\000a\000l\000i\000f\000i\000c\000a\000z\000i\000o\000n\000e\000\040\000s\000c\000i\000e\000n\000t\000i\000f\000i\000c\000a\000\040\000d\000e\000l\000\040\000n\000o\000t\000e\000b\000o\000o\000k}{section.3}% 18
\BOOKMARK [2][-]{subsection.3.3}{\376\377\000M\000e\000t\000r\000i\000c\000h\000e\000\040\000g\000r\000a\000f\000o\000-\000t\000e\000o\000r\000i\000c\000h\000e\000\040\000f\000o\000r\000m\000a\000l\000i\000z\000z\000a\000t\000e}{section.3}% 19
\BOOKMARK [2][-]{subsection.3.4}{\376\377\000N\000u\000m\000e\000r\000i\000\040\000c\000h\000i\000a\000v\000e\000\040\000e\000\040\000c\000u\000r\000a\000t\000i\000o\000n\000\040\000b\000i\000a\000s}{section.3}% 20
\BOOKMARK [2][-]{subsection.3.5}{\376\377\000A\000z\000i\000o\000n\000a\000b\000i\000l\000i\000t\000\340\000\040\000c\000l\000i\000n\000i\000c\000a\000\040\000e\000\040\000r\000e\000s\000i\000s\000t\000e\000n\000z\000e\000\040\000\050\000C\000l\000a\000s\000s\000i\000f\000i\000c\000a\000z\000i\000o\000n\000e\000\040\000E\000S\000C\000A\000T\000-\000l\000i\000k\000e\000\051}{section.3}% 21
\BOOKMARK [2][-]{subsection.3.6}{\376\377\000G\000a\000p\000\040\000A\000n\000a\000l\000y\000s\000i\000s\000:\000\040\000V\000a\000r\000i\000a\000n\000t\000i\000\040\000o\000r\000f\000a\000n\000e\000\040\000e\000\040\000d\000i\000s\000a\000l\000l\000i\000n\000e\000a\000m\000e\000n\000t\000o\000\040\000t\000r\000i\000a\000l}{section.3}% 22
\BOOKMARK [2][-]{subsection.3.7}{\376\377\000C\000a\000l\000i\000b\000r\000a\000z\000i\000o\000n\000e\000\040\000p\000e\000r\000\040\000i\000l\000\040\000T\000r\000i\000a\000l\000\040\000M\000a\000t\000c\000h\000e\000r}{section.3}% 23
\BOOKMARK [2][-]{subsection.3.8}{\376\377\000A\000n\000a\000l\000i\000s\000i\000\040\000G\000r\000a\000f\000o\000-\000N\000a\000t\000i\000v\000a\000:\000\040\000T\000o\000p\000o\000l\000o\000g\000i\000a\000\040\000e\000\040\000p\000e\000r\000f\000o\000r\000m\000a\000n\000c\000e\000\040\000C\000y\000p\000h\000e\000r}{section.3}% 24
\BOOKMARK [0][-]{part.3}{\376\377\000I\000I\000I\000\040\000B\000e\000n\000c\000h\000m\000a\000r\000k\000\040\000c\000l\000i\000n\000i\000c\000o\000\040\000e\000\040\000a\000r\000c\000h\000i\000t\000e\000t\000t\000u\000r\000a\000\040\000m\000u\000l\000t\000i\000-\000s\000o\000r\000g\000e\000n\000t\000e}{}% 25
\BOOKMARK [1][-]{section.4}{\376\377\000C\000o\000s\000t\000r\000u\000z\000i\000o\000n\000e\000\040\000d\000e\000l\000\040\000b\000e\000n\000c\000h\000m\000a\000r\000k\000\040\000c\000l\000i\000n\000i\000c\000o}{part.3}% 26
\BOOKMARK [2][-]{subsection.4.1}{\376\377\000I\000\040\000p\000r\000i\000m\000i\000\040\0001\0000\000\040\000c\000a\000s\000i}{section.4}% 27
\BOOKMARK [2][-]{subsection.4.2}{\376\377\000E\000s\000t\000e\000n\000s\000i\000o\000n\000e\000\040\000a\000\040\0003\0000\000\040\000c\000a\000s\000i}{section.4}% 28
\BOOKMARK [2][-]{subsection.4.3}{\376\377\000V\000a\000l\000i\000d\000a\000z\000i\000o\000n\000e\000\040\000s\000u\000\040\000N\000e\000o\0004\000j}{section.4}% 29
\BOOKMARK [2][-]{subsection.4.4}{\376\377\000P\000a\000t\000t\000e\000r\000n\000\040\000e\000m\000e\000r\000s\000i\000\040\000d\000a\000l\000l\000'\000a\000n\000a\000l\000i\000s\000i\000\040\000d\000e\000i\000\040\000g\000a\000p}{section.4}% 30
\BOOKMARK [1][-]{section.5}{\376\377\000A\000r\000c\000h\000i\000t\000e\000t\000t\000u\000r\000a\000\040\000m\000u\000l\000t\000i\000-\000s\000o\000r\000g\000e\000n\000t\000e\000:\000\040\000i\000n\000t\000e\000g\000r\000a\000z\000i\000o\000n\000e\000\040\000O\000n\000c\000o\000K\000B}{part.3}% 31
\BOOKMARK [2][-]{subsection.5.1}{\376\377\000I\000\040\000l\000i\000m\000i\000t\000i\000\040\000d\000i\000\040\000C\000I\000V\000i\000C\000:\000\040\000g\000a\000p\000\040\000e\000\040\000m\000i\000s\000l\000e\000a\000d\000i\000n\000g\000\040\000e\000v\000i\000d\000e\000n\000c\000e}{section.5}% 32
\BOOKMARK [2][-]{subsection.5.2}{\376\377\000V\000a\000l\000i\000d\000a\000z\000i\000o\000n\000e\000\040\000d\000e\000l\000l\000e\000\040\000A\000P\000I\000\040\000O\000n\000c\000o\000K\000B}{section.5}% 33
\BOOKMARK [2][-]{subsection.5.3}{\376\377\000I\000n\000t\000e\000g\000r\000a\000z\000i\000o\000n\000e\000\040\000n\000e\000l\000\040\000g\000r\000a\000f\000o}{section.5}% 34
\BOOKMARK [2][-]{subsection.5.4}{\376\377\000S\000o\000u\000r\000c\000e\000\040\000R\000o\000u\000t\000i\000n\000g\000\040\000i\000n\000t\000e\000l\000l\000i\000g\000e\000n\000t\000e}{section.5}% 35
\BOOKMARK [2][-]{subsection.5.5}{\376\377\000S\000t\000u\000d\000i\000o\000\040\000d\000e\000t\000t\000a\000g\000l\000i\000a\000t\000o\000\040\000d\000e\000l\000l\000e\000\040\000A\000P\000I\000\040\000O\000n\000c\000o\000K\000B}{section.5}% 36
\BOOKMARK [0][-]{part.4}{\376\377\000I\000V\000\040\000D\000i\000s\000e\000g\000n\000o\000\040\000d\000e\000l\000l\000a\000\040\000p\000i\000p\000e\000l\000i\000n\000e\000\040\000e\000\040\000p\000o\000s\000i\000z\000i\000o\000n\000a\000m\000e\000n\000t\000o}{}% 37
\BOOKMARK [1][-]{section.6}{\376\377\000P\000o\000s\000i\000z\000i\000o\000n\000a\000m\000e\000n\000t\000o\000\040\000s\000c\000i\000e\000n\000t\000i\000f\000i\000c\000o\000:\000\040\000i\000\040\000p\000a\000p\000e\000r\000\040\000d\000i\000\040\000r\000i\000f\000e\000r\000i\000m\000e\000n\000t\000o}{part.4}% 38
\BOOKMARK [2][-]{subsection.6.1}{\376\377\000E\000d\000g\000e\000\040\000e\000t\000\040\000a\000l\000.\000\040\040\024\000\040\000G\000r\000a\000p\000h\000R\000A\000G\000\040\000\050\000l\000i\000v\000e\000l\000l\000o\000\040\000i\000n\000f\000r\000a\000s\000t\000r\000u\000t\000t\000u\000r\000a\000l\000e\000\051}{section.6}% 39
\BOOKMARK [2][-]{subsection.6.2}{\376\377\000W\000u\000\040\000e\000t\000\040\000a\000l\000.\000\040\040\024\000\040\000M\000e\000d\000G\000r\000a\000p\000h\000R\000A\000G\000\040\000\050\000l\000i\000v\000e\000l\000l\000o\000\040\000i\000n\000f\000r\000a\000s\000t\000r\000u\000t\000t\000u\000r\000a\000l\000e\000\051}{section.6}% 40
\BOOKMARK [2][-]{subsection.6.3}{\376\377\000K\000i\000m\000\040\000e\000t\000\040\000a\000l\000.\000\040\040\024\000\040\000M\000D\000A\000g\000e\000n\000t\000s\000\040\000\050\000l\000i\000v\000e\000l\000l\000o\000\040\000a\000r\000c\000h\000i\000t\000e\000t\000t\000u\000r\000a\000l\000e\000\051}{section.6}% 41
\BOOKMARK [2][-]{subsection.6.4}{\376\377\000J\000i\000n\000\040\000e\000t\000\040\000a\000l\000.\000\040\040\024\000\040\000T\000r\000i\000a\000l\000G\000P\000T\000\040\000\050\000l\000i\000v\000e\000l\000l\000o\000\040\000a\000p\000p\000l\000i\000c\000a\000t\000i\000v\000o\000\051}{section.6}% 42
\BOOKMARK [2][-]{subsection.6.5}{\376\377\000A\000l\000d\000e\000a\000\040\000e\000t\000\040\000a\000l\000.\000\040\000\050\0002\0000\0002\0005\000\051\000\040\040\024\000\040\000I\000A\000S\000L\000C\000\040\000C\000o\000n\000s\000e\000n\000s\000u\000s\000\040\000S\000t\000a\000t\000e\000m\000e\000n\000t\000\040\000o\000n\000\040\000M\000o\000l\000e\000c\000u\000l\000a\000r\000\040\000T\000u\000m\000o\000r\000\040\000B\000o\000a\000r\000d\000s}{section.6}% 43
\BOOKMARK [2][-]{subsection.6.6}{\376\377\000B\000e\000r\000m\000a\000n\000\040\000e\000t\000\040\000a\000l\000.\000\040\000\050\0002\0000\0002\0005\000\051\000\040\040\024\000\040\000R\000A\000G\000\137\000M\000T\000B\000:\000\040\000R\000e\000t\000r\000i\000e\000v\000a\000l\000\040\000A\000u\000g\000m\000e\000n\000t\000e\000d\000\040\000T\000h\000e\000r\000a\000p\000y\000\040\000S\000u\000g\000g\000e\000s\000t\000i\000o\000n}{section.6}% 44
\BOOKMARK [2][-]{subsection.6.7}{\376\377\000L\000o\000a\000i\000z\000a\000-\000B\000o\000n\000i\000l\000l\000a\000\040\000e\000t\000\040\000a\000l\000.\000\040\000\050\0002\0000\0002\0006\000\051\000\040\040\024\000\040\000O\000n\000c\000o\000M\000u\000l\000t\000i\000A\000g\000e\000n\000t\000K\000B}{section.6}% 45
\BOOKMARK [2][-]{subsection.6.8}{\376\377\000S\000i\000n\000t\000e\000s\000i\000\040\000c\000o\000m\000p\000a\000r\000a\000t\000i\000v\000a\000\040\000e\000\040\000p\000o\000s\000i\000z\000i\000o\000n\000a\000m\000e\000n\000t\000o\000\040\000d\000e\000l\000l\000a\000\040\000t\000e\000s\000i}{section.6}% 46
\BOOKMARK [1][-]{section.7}{\376\377\000L\000a\000\040\000p\000i\000p\000e\000l\000i\000n\000e\000\040\000a\000g\000e\000n\000t\000i\000c\000a\000\040\000\050\000v\0001\000\040\000\040\000v\0003\000\051}{part.4}% 47
\BOOKMARK [2][-]{subsection.7.1}{\376\377\000P\000r\000o\000g\000e\000t\000t\000a\000z\000i\000o\000n\000e\000\040\000i\000t\000e\000r\000a\000t\000i\000v\000a}{section.7}% 48
\BOOKMARK [2][-]{subsection.7.2}{\376\377\000U\000n\000a\000\040\000d\000e\000c\000i\000s\000i\000o\000n\000e\000\040\000d\000a\000t\000a\000-\000d\000r\000i\000v\000e\000n\000:\000\040\000R\000e\000s\000i\000s\000t\000a\000n\000c\000e\000\040\000C\000h\000e\000c\000k\000e\000r}{section.7}% 49
\BOOKMARK [2][-]{subsection.7.3}{\376\377\000C\000o\000m\000p\000o\000r\000t\000a\000m\000e\000n\000t\000o\000\040\000p\000e\000r\000\040\000t\000i\000e\000r\000\040\000d\000i\000\040\000c\000o\000m\000p\000l\000e\000s\000s\000i\000t\000\340}{section.7}% 50
\BOOKMARK [2][-]{subsection.7.4}{\376\377\000P\000i\000p\000e\000l\000i\000n\000e\000\040\000v\0003\000:\000\040\000O\000n\000c\000o\000K\000B\000\040\000E\000n\000r\000i\000c\000h\000e\000r\000\040\000e\000\040\000i\000n\000p\000u\000t\000\040\000f\000o\000r\000m\000a\000l\000i\000z\000z\000a\000t\000o}{section.7}% 51
\BOOKMARK [2][-]{subsection.7.5}{\376\377\000V\000e\000r\000i\000f\000i\000c\000a\000\040\000d\000e\000l\000l\000e\000\040\000q\000u\000e\000r\000y\000\040\000C\000y\000p\000h\000e\000r\000\040\000p\000e\000r\000\040\000a\000l\000t\000e\000r\000a\000t\000i\000o\000n\000\137\000t\000y\000p\000e}{section.7}% 52
\BOOKMARK [0][-]{part.5}{\376\377\000V\000\040\000V\000a\000l\000u\000t\000a\000z\000i\000o\000n\000e\000\040\000e\000\040\000r\000i\000s\000u\000l\000t\000a\000t\000i\000\040\000s\000p\000e\000r\000i\000m\000e\000n\000t\000a\000l\000i}{}% 53
\BOOKMARK [1][-]{section.8}{\376\377\000M\000e\000t\000o\000d\000o\000l\000o\000g\000i\000a\000\040\000d\000i\000\040\000v\000a\000l\000u\000t\000a\000z\000i\000o\000n\000e}{part.5}% 54
\BOOKMARK [2][-]{subsection.8.1}{\376\377\000C\000o\000s\000a\000\040\000s\000t\000i\000a\000m\000o\000\040\000d\000a\000v\000v\000e\000r\000o\000\040\000m\000i\000s\000u\000r\000a\000n\000d\000o}{section.8}% 55
\BOOKMARK [2][-]{subsection.8.2}{\376\377\000V\000a\000l\000u\000t\000a\000z\000i\000o\000n\000e\000\040\000a\000\040\000d\000u\000e\000\040\000l\000i\000v\000e\000l\000l\000i}{section.8}% 56
\BOOKMARK [2][-]{subsection.8.3}{\376\377\000L\000a\000\040\000r\000u\000b\000r\000i\000c\000a\000\040\000L\000L\000M\000-\000a\000s\000-\000j\000u\000d\000g\000e\000\040\000r\000i\000c\000a\000l\000i\000b\000r\000a\000t\000a}{section.8}% 57
\BOOKMARK [2][-]{subsection.8.4}{\376\377\000L\000a\000\040\000g\000e\000r\000a\000r\000c\000h\000i\000a\000\040\000d\000e\000l\000l\000e\000\040\000m\000e\000t\000r\000i\000c\000h\000e}{section.8}% 58
\BOOKMARK [1][-]{section.9}{\376\377\000R\000i\000s\000u\000l\000t\000a\000t\000i\000\040\000s\000p\000e\000r\000i\000m\000e\000n\000t\000a\000l\000i}{part.5}% 59
\BOOKMARK [2][-]{subsection.9.1}{\376\377\000C\000o\000n\000f\000r\000o\000n\000t\000o\000\040\000C\000a\000s\000o\000\040\000p\000e\000r\000\040\000C\000a\000s\000o\000:\000\040\000I\000\040\0003\0000\000\040\000B\000e\000n\000c\000h\000m\000a\000r\000k}{section.9}% 60
\BOOKMARK [2][-]{subsection.9.2}{\376\377\000B\000e\000n\000c\000h\000m\000a\000r\000k\000\040\000r\000i\000c\000a\000l\000c\000o\000l\000a\000t\000o\000\040\000\050\000v\0002\000\051}{section.9}% 61
\BOOKMARK [2][-]{subsection.9.3}{\376\377\000O\000n\000c\000o\000K\000B\000\040\000E\000n\000r\000i\000c\000h\000e\000r\000\040\000s\000u\000i\000\040\000c\000a\000s\000i\000\040\000c\000r\000i\000t\000i\000c\000i}{section.9}% 62
\BOOKMARK [2][-]{subsection.9.4}{\376\377\000R\000Q\0001\000:\000\040\000G\000r\000a\000p\000h\000R\000A\000G\000\040\000v\000s\000\040\000Z\000e\000r\000o\000-\000s\000h\000o\000t\000\040\000e\000\040\000i\000l\000\040\000b\000i\000a\000s\000\040\000d\000e\000l\000\040\000g\000i\000u\000d\000i\000c\000e}{section.9}% 63
\BOOKMARK [2][-]{subsection.9.5}{\376\377\000A\000l\000l\000u\000c\000i\000n\000a\000z\000i\000o\000n\000e\000\040\000b\000i\000b\000l\000i\000o\000g\000r\000a\000f\000i\000c\000a\000\040\000d\000e\000l\000l\000o\000\040\000z\000e\000r\000o\000-\000s\000h\000o\000t}{section.9}% 64
\BOOKMARK [2][-]{subsection.9.6}{\376\377\000R\000e\000t\000r\000i\000e\000v\000a\000l\000\040\000P\000o\000l\000l\000u\000t\000i\000o\000n\000\040\000e\000\040\000m\000i\000t\000i\000g\000a\000z\000i\000o\000n\000e}{section.9}% 65
\BOOKMARK [2][-]{subsection.9.7}{\376\377\000C\000o\000n\000f\000r\000o\000n\000t\000o\000\040\000a\000\040\000t\000r\000e\000\040\000v\000i\000e\000\040\000f\000i\000n\000a\000l\000e}{section.9}% 66
\BOOKMARK [2][-]{subsection.9.8}{\376\377\000O\000t\000t\000i\000m\000i\000z\000z\000a\000z\000i\000o\000n\000e\000\040\000s\000t\000r\000u\000t\000t\000u\000r\000a\000l\000e\000\040\000d\000e\000l\000l\000'\000E\000S\000C\000A\000T\000\040\000I\000n\000t\000e\000r\000p\000r\000e\000t\000e\000r}{section.9}% 67
\BOOKMARK [2][-]{subsection.9.9}{\376\377\000A\000n\000a\000l\000i\000s\000i\000\040\000C\000a\000s\000i\000\040\000D\000r\000u\000g\000\040\000A\000n\000c\000h\000o\000r\000\040\000C\000h\000e\000c\000k\000\040\040\024\000\040\000F\000i\000n\000d\000i\000n\000g\000\040\000N\000a\000r\000r\000a\000t\000i\000v\000o\000\040\000C\000h\000i\000a\000v\000e}{section.9}% 68
\BOOKMARK [2][-]{subsection.9.10}{\376\377\000L\000e\000t\000t\000u\000r\000a\000\040\000C\000o\000r\000r\000e\000t\000t\000a\000\040\000d\000e\000i\000\040\000R\000i\000s\000u\000l\000t\000a\000t\000i\000\040\000\050\000L\000L\000M\000-\000a\000s\000-\000j\000u\000d\000g\000e\000\051}{section.9}% 69
\BOOKMARK [1][-]{section.10}{\376\377\000C\000o\000n\000s\000i\000d\000e\000r\000a\000z\000i\000o\000n\000i\000\040\000e\000t\000i\000c\000h\000e\000\040\000e\000\040\000l\000i\000m\000i\000t\000i}{part.5}% 70
\BOOKMARK [1][-]{section.11}{\376\377\000C\000o\000n\000c\000l\000u\000s\000i\000o\000n\000i\000\040\000e\000\040\000l\000a\000v\000o\000r\000i\000\040\000f\000u\000t\000u\000r\000i}{part.5}% 71
\BOOKMARK [1][-]{section.12}{\376\377\000G\000l\000o\000s\000s\000a\000r\000i\000o\000\040\000e\000\040\000a\000c\000r\000o\000n\000i\000m\000i}{part.5}% 72
\BOOKMARK [1][-]{section.12}{\376\377\000G\000l\000o\000s\000s\000a\000r\000i\000o\000\040\000e\000\040\000a\000c\000r\000o\000n\000i\000m\000i}{part.5}% 73
\BOOKMARK [1][-]{section.12}{\376\377\000R\000i\000f\000e\000r\000i\000m\000e\000n\000t\000i\000\040\000b\000i\000b\000l\000i\000o\000g\000r\000a\000f\000i\000c\000i\000\040\000p\000r\000i\000n\000c\000i\000p\000a\000l\000i}{part.5}% 74
